Component: ARM Compiler 5.06 update 5 (build 528) Tool: armlink [4d35e2]

==============================================================================

Section Cross References

    main.o(i.ADC1_IRQHandler) refers to main.o(.data) for ADC1VAL
    main.o(i.main) refers to _printf_percent.o(.ARM.Collect$$_printf_percent$$00000000) for _printf_percent
    main.o(i.main) refers to _printf_f.o(.ARM.Collect$$_printf_percent$$00000003) for _printf_f
    main.o(i.main) refers to printf1.o(x$fpl$printf1) for _printf_fp_dec
    main.o(i.main) refers to uart.o(i.uart_init) for uart_init
    main.o(i.main) refers to main.o(i.DAC0_INIT) for DAC0_INIT
    main.o(i.main) refers to main.o(i.ADC1_INIT) for ADC1_INIT
    main.o(i.main) refers to main.o(i.PDB_INIT) for PDB_INIT
    main.o(i.main) refers to dflt_clz.o(x$fpl$dflt) for __aeabi_i2d
    main.o(i.main) refers to ddiv.o(x$fpl$ddiv) for __aeabi_ddiv
    main.o(i.main) refers to dmul.o(x$fpl$dmul) for __aeabi_dmul
    main.o(i.main) refers to daddsub_clz.o(x$fpl$dadd) for __aeabi_dadd
    main.o(i.main) refers to noretval__2sprintf.o(.text) for __2sprintf
    main.o(i.main) refers to uart.o(i.uart_put) for uart_put
    main.o(i.main) refers to main.o(.data) for ADC1VAL
    uart.o(i.uart_put) refers to uart.o(i.uart_putchar) for uart_putchar
    startup_mk64f12.o(STACK) refers (Special) to heapauxi.o(.text) for __use_two_region_memory
    startup_mk64f12.o(HEAP) refers (Special) to heapauxi.o(.text) for __use_two_region_memory
    startup_mk64f12.o(RESET) refers (Special) to heapauxi.o(.text) for __use_two_region_memory
    startup_mk64f12.o(RESET) refers to startup_mk64f12.o(STACK) for __initial_sp
    startup_mk64f12.o(RESET) refers to startup_mk64f12.o(.text) for Reset_Handler
    startup_mk64f12.o(RESET) refers to main.o(i.ADC1_IRQHandler) for ADC1_IRQHandler
    startup_mk64f12.o(.ARM.__at_0x400) refers (Special) to heapauxi.o(.text) for __use_two_region_memory
    startup_mk64f12.o(.text) refers (Special) to heapauxi.o(.text) for __use_two_region_memory
    startup_mk64f12.o(.text) refers to system_mk64f12.o(i.SystemInit) for SystemInit
    startup_mk64f12.o(.text) refers to __main.o(!!!main) for __main
    startup_mk64f12.o(.text) refers to startup_mk64f12.o(HEAP) for Heap_Mem
    startup_mk64f12.o(.text) refers to startup_mk64f12.o(STACK) for Stack_Mem
    system_mk64f12.o(i.SystemCoreClockUpdate) refers to system_mk64f12.o(.data) for SystemCoreClock
    __2sprintf.o(.text) refers to _printf_char_common.o(.text) for _printf_char_common
    __2sprintf.o(.text) refers to _sputc.o(.text) for _sputc
    noretval__2sprintf.o(.text) refers to _printf_char_common.o(.text) for _printf_char_common
    noretval__2sprintf.o(.text) refers to _sputc.o(.text) for _sputc
    __printf.o(.text) refers to _printf_percent.o(.ARM.Collect$$_printf_percent$$00000000) for _printf_percent
    __printf_flags.o(.text) refers to _printf_percent.o(.ARM.Collect$$_printf_percent$$00000000) for _printf_percent
    __printf_flags.o(.text) refers to __printf_flags.o(.constdata) for .constdata
    __printf_ss.o(.text) refers to _printf_percent.o(.ARM.Collect$$_printf_percent$$00000000) for _printf_percent
    __printf_flags_ss.o(.text) refers to _printf_percent.o(.ARM.Collect$$_printf_percent$$00000000) for _printf_percent
    __printf_flags_ss.o(.text) refers to __printf_flags_ss.o(.constdata) for .constdata
    __printf_wp.o(.text) refers to __printf_wp.o(i._is_digit) for _is_digit
    __printf_wp.o(.text) refers to _printf_percent.o(.ARM.Collect$$_printf_percent$$00000000) for _printf_percent
    __printf_flags_wp.o(.text) refers to __printf_wp.o(i._is_digit) for _is_digit
    __printf_flags_wp.o(.text) refers to _printf_percent.o(.ARM.Collect$$_printf_percent$$00000000) for _printf_percent
    __printf_flags_wp.o(.text) refers to __printf_flags_wp.o(.constdata) for .constdata
    __printf_ss_wp.o(.text) refers to __printf_wp.o(i._is_digit) for _is_digit
    __printf_ss_wp.o(.text) refers to _printf_percent.o(.ARM.Collect$$_printf_percent$$00000000) for _printf_percent
    __printf_flags_ss_wp.o(.text) refers to __printf_wp.o(i._is_digit) for _is_digit
    __printf_flags_ss_wp.o(.text) refers to _printf_percent.o(.ARM.Collect$$_printf_percent$$00000000) for _printf_percent
    __printf_flags_ss_wp.o(.text) refers to __printf_flags_ss_wp.o(.constdata) for .constdata
    _printf_f.o(.ARM.Collect$$_printf_percent$$00000003) refers (Weak) to printf1.o(x$fpl$printf1) for _printf_fp_dec
    _printf_percent.o(.ARM.Collect$$_printf_percent$$00000000) refers (Special) to _printf_percent_end.o(.ARM.Collect$$_printf_percent$$00000017) for _printf_percent_end
    __main.o(!!!main) refers to __rtentry.o(.ARM.Collect$$rtentry$$00000000) for __rt_entry
    daddsub_clz.o(x$fpl$dadd) refers (Special) to usenofp.o(x$fpl$usenofp) for __I$use$fp
    daddsub_clz.o(x$fpl$dadd) refers to daddsub_clz.o(x$fpl$dsub) for _dsub1
    daddsub_clz.o(x$fpl$dadd) refers to dretinf.o(x$fpl$dretinf) for __fpl_dretinf
    daddsub_clz.o(x$fpl$dadd) refers to dnaninf.o(x$fpl$dnaninf) for __fpl_dnaninf
    daddsub_clz.o(x$fpl$drsb) refers (Special) to usenofp.o(x$fpl$usenofp) for __I$use$fp
    daddsub_clz.o(x$fpl$drsb) refers to daddsub_clz.o(x$fpl$dadd) for _dadd1
    daddsub_clz.o(x$fpl$drsb) refers to daddsub_clz.o(x$fpl$dsub) for _dsub1
    daddsub_clz.o(x$fpl$dsub) refers (Special) to usenofp.o(x$fpl$usenofp) for __I$use$fp
    daddsub_clz.o(x$fpl$dsub) refers to daddsub_clz.o(x$fpl$dadd) for _dadd1
    daddsub_clz.o(x$fpl$dsub) refers to dnaninf.o(x$fpl$dnaninf) for __fpl_dnaninf
    ddiv.o(x$fpl$drdiv) refers (Special) to usenofp.o(x$fpl$usenofp) for __I$use$fp
    ddiv.o(x$fpl$drdiv) refers to ddiv.o(x$fpl$ddiv) for ddiv_entry
    ddiv.o(x$fpl$ddiv) refers (Special) to usenofp.o(x$fpl$usenofp) for __I$use$fp
    ddiv.o(x$fpl$ddiv) refers to dretinf.o(x$fpl$dretinf) for __fpl_dretinf
    ddiv.o(x$fpl$ddiv) refers to dnaninf.o(x$fpl$dnaninf) for __fpl_dnaninf
    dflt_clz.o(x$fpl$dfltu) refers (Special) to usenofp.o(x$fpl$usenofp) for __I$use$fp
    dflt_clz.o(x$fpl$dflt) refers (Special) to usenofp.o(x$fpl$usenofp) for __I$use$fp
    dflt_clz.o(x$fpl$dfltn) refers (Special) to usenofp.o(x$fpl$usenofp) for __I$use$fp
    dmul.o(x$fpl$dmul) refers (Special) to usenofp.o(x$fpl$usenofp) for __I$use$fp
    dmul.o(x$fpl$dmul) refers to dretinf.o(x$fpl$dretinf) for __fpl_dretinf
    dmul.o(x$fpl$dmul) refers to dnaninf.o(x$fpl$dnaninf) for __fpl_dnaninf
    printf1.o(x$fpl$printf1) refers to _printf_fp_dec.o(.text) for _printf_fp_dec_real
    __rtentry.o(.ARM.Collect$$rtentry$$00000000) refers (Special) to __rtentry2.o(.ARM.Collect$$rtentry$$0000000A) for __rt_entry_li
    __rtentry.o(.ARM.Collect$$rtentry$$00000000) refers (Special) to __rtentry2.o(.ARM.Collect$$rtentry$$0000000D) for __rt_entry_main
    __rtentry.o(.ARM.Collect$$rtentry$$00000000) refers (Special) to __rtentry2.o(.ARM.Collect$$rtentry$$0000000C) for __rt_entry_postli_1
    __rtentry.o(.ARM.Collect$$rtentry$$00000000) refers (Special) to __rtentry2.o(.ARM.Collect$$rtentry$$00000009) for __rt_entry_postsh_1
    __rtentry.o(.ARM.Collect$$rtentry$$00000000) refers (Special) to __rtentry2.o(.ARM.Collect$$rtentry$$00000002) for __rt_entry_presh_1
    __rtentry.o(.ARM.Collect$$rtentry$$00000000) refers (Special) to __rtentry4.o(.ARM.Collect$$rtentry$$00000004) for __rt_entry_sh
    _printf_fp_dec.o(.text) refers (Special) to usenofp.o(x$fpl$usenofp) for __I$use$fp
    _printf_fp_dec.o(.text) refers (Special) to lc_numeric_c.o(locale$$code) for _get_lc_numeric
    _printf_fp_dec.o(.text) refers to bigflt0.o(.text) for _btod_etento
    _printf_fp_dec.o(.text) refers to btod.o(CL$$btod_d2e) for _btod_d2e
    _printf_fp_dec.o(.text) refers to btod.o(CL$$btod_ediv) for _btod_ediv
    _printf_fp_dec.o(.text) refers to btod.o(CL$$btod_emul) for _btod_emul
    _printf_fp_dec.o(.text) refers to lludiv10.o(.text) for _ll_udiv10
    _printf_fp_dec.o(.text) refers to fpclassify.o(i.__ARM_fpclassify) for __ARM_fpclassify
    _printf_fp_dec.o(.text) refers to _printf_fp_infnan.o(.text) for _printf_fp_infnan
    _printf_fp_dec.o(.text) refers to rt_locale_intlibspace.o(.text) for __rt_locale
    _printf_char_common.o(.text) refers to __printf.o(.text) for __printf
    dnaninf.o(x$fpl$dnaninf) refers (Special) to usenofp.o(x$fpl$usenofp) for __I$use$fp
    dretinf.o(x$fpl$dretinf) refers (Special) to usenofp.o(x$fpl$usenofp) for __I$use$fp
    __rtentry2.o(.ARM.Collect$$rtentry$$00000008) refers to boardinit2.o(.text) for _platform_post_stackheap_init
    __rtentry2.o(.ARM.Collect$$rtentry$$0000000A) refers to libinit.o(.ARM.Collect$$libinit$$00000000) for __rt_lib_init
    __rtentry2.o(.ARM.Collect$$rtentry$$0000000B) refers to boardinit3.o(.text) for _platform_post_lib_init
    __rtentry2.o(.ARM.Collect$$rtentry$$0000000D) refers to main.o(i.main) for main
    __rtentry2.o(.ARM.Collect$$rtentry$$0000000D) refers to exit.o(.text) for exit
    __rtentry2.o(.ARM.exidx) refers to __rtentry2.o(.ARM.Collect$$rtentry$$00000001) for .ARM.Collect$$rtentry$$00000001
    __rtentry2.o(.ARM.exidx) refers to __rtentry2.o(.ARM.Collect$$rtentry$$00000008) for .ARM.Collect$$rtentry$$00000008
    __rtentry2.o(.ARM.exidx) refers to __rtentry2.o(.ARM.Collect$$rtentry$$0000000A) for .ARM.Collect$$rtentry$$0000000A
    __rtentry2.o(.ARM.exidx) refers to __rtentry2.o(.ARM.Collect$$rtentry$$0000000B) for .ARM.Collect$$rtentry$$0000000B
    __rtentry2.o(.ARM.exidx) refers to __rtentry2.o(.ARM.Collect$$rtentry$$0000000D) for .ARM.Collect$$rtentry$$0000000D
    __rtentry4.o(.ARM.Collect$$rtentry$$00000004) refers to sys_stackheap_outer.o(.text) for __user_setup_stackheap
    __rtentry4.o(.ARM.exidx) refers to __rtentry4.o(.ARM.Collect$$rtentry$$00000004) for .ARM.Collect$$rtentry$$00000004
    rt_locale.o(.text) refers to rt_locale.o(.bss) for __rt_locale_data
    rt_locale_intlibspace.o(.text) refers to libspace.o(.bss) for __libspace_start
    bigflt0.o(.text) refers (Special) to usenofp.o(x$fpl$usenofp) for __I$use$fp
    bigflt0.o(.text) refers to btod.o(CL$$btod_emul) for _btod_emul
    bigflt0.o(.text) refers to btod.o(CL$$btod_ediv) for _btod_ediv
    bigflt0.o(.text) refers to bigflt0.o(.constdata) for .constdata
    bigflt0.o(.constdata) refers (Special) to usenofp.o(x$fpl$usenofp) for __I$use$fp
    btod.o(CL$$btod_d2e) refers (Special) to usenofp.o(x$fpl$usenofp) for __I$use$fp
    btod.o(CL$$btod_d2e) refers to btod.o(CL$$btod_d2e_norm_op1) for _d2e_norm_op1
    btod.o(CL$$btod_d2e_norm_op1) refers (Special) to usenofp.o(x$fpl$usenofp) for __I$use$fp
    btod.o(CL$$btod_d2e_norm_op1) refers to btod.o(CL$$btod_d2e_denorm_low) for _d2e_denorm_low
    btod.o(CL$$btod_d2e_denorm_low) refers (Special) to usenofp.o(x$fpl$usenofp) for __I$use$fp
    btod.o(CL$$btod_emul) refers (Special) to usenofp.o(x$fpl$usenofp) for __I$use$fp
    btod.o(CL$$btod_emul) refers to btod.o(CL$$btod_mult_common) for __btod_mult_common
    btod.o(CL$$btod_emul) refers to btod.o(CL$$btod_e2e) for _e2e
    btod.o(CL$$btod_ediv) refers (Special) to usenofp.o(x$fpl$usenofp) for __I$use$fp
    btod.o(CL$$btod_ediv) refers to btod.o(CL$$btod_div_common) for __btod_div_common
    btod.o(CL$$btod_ediv) refers to btod.o(CL$$btod_e2e) for _e2e
    btod.o(CL$$btod_emuld) refers (Special) to usenofp.o(x$fpl$usenofp) for __I$use$fp
    btod.o(CL$$btod_emuld) refers to btod.o(CL$$btod_mult_common) for __btod_mult_common
    btod.o(CL$$btod_emuld) refers to btod.o(CL$$btod_e2d) for _e2d
    btod.o(CL$$btod_edivd) refers (Special) to usenofp.o(x$fpl$usenofp) for __I$use$fp
    btod.o(CL$$btod_edivd) refers to btod.o(CL$$btod_div_common) for __btod_div_common
    btod.o(CL$$btod_edivd) refers to btod.o(CL$$btod_e2d) for _e2d
    btod.o(CL$$btod_e2e) refers (Special) to usenofp.o(x$fpl$usenofp) for __I$use$fp
    btod.o(CL$$btod_e2d) refers (Special) to usenofp.o(x$fpl$usenofp) for __I$use$fp
    btod.o(CL$$btod_e2d) refers to btod.o(CL$$btod_e2e) for _e2e
    btod.o(CL$$btod_mult_common) refers (Special) to usenofp.o(x$fpl$usenofp) for __I$use$fp
    btod.o(CL$$btod_div_common) refers (Special) to usenofp.o(x$fpl$usenofp) for __I$use$fp
    lc_numeric_c.o(locale$$data) refers (Special) to libinit2.o(.ARM.Collect$$libinit$$00000016) for __rt_lib_init_lc_numeric_2
    lc_numeric_c.o(locale$$code) refers (Special) to libinit2.o(.ARM.Collect$$libinit$$00000016) for __rt_lib_init_lc_numeric_2
    lc_numeric_c.o(locale$$code) refers to strcmpv7m.o(.text) for strcmp
    lc_numeric_c.o(locale$$code) refers to lc_numeric_c.o(locale$$data) for __lcnum_c_name
    istatus.o(x$fpl$ieeestatus) refers (Special) to usenofp.o(x$fpl$usenofp) for __I$use$fp
    fpclassify.o(i.__ARM_fpclassify) refers (Special) to usenofp.o(x$fpl$usenofp) for __I$use$fp
    libspace.o(.text) refers to libspace.o(.bss) for __libspace_start
    sys_stackheap_outer.o(.text) refers to libspace.o(.text) for __user_perproc_libspace
    sys_stackheap_outer.o(.text) refers to startup_mk64f12.o(.text) for __user_initial_stackheap
    exit.o(.text) refers to rtexit.o(.ARM.Collect$$rtexit$$00000000) for __rt_exit
    libinit.o(.ARM.Collect$$libinit$$00000000) refers (Special) to libinit2.o(.ARM.Collect$$libinit$$0000002E) for __rt_lib_init_alloca_1
    libinit.o(.ARM.Collect$$libinit$$00000000) refers (Special) to libinit2.o(.ARM.Collect$$libinit$$0000002C) for __rt_lib_init_argv_1
    libinit.o(.ARM.Collect$$libinit$$00000000) refers (Special) to libinit2.o(.ARM.Collect$$libinit$$0000001B) for __rt_lib_init_atexit_1
    libinit.o(.ARM.Collect$$libinit$$00000000) refers (Special) to libinit2.o(.ARM.Collect$$libinit$$00000021) for __rt_lib_init_clock_1
    libinit.o(.ARM.Collect$$libinit$$00000000) refers (Special) to libinit2.o(.ARM.Collect$$libinit$$00000032) for __rt_lib_init_cpp_1
    libinit.o(.ARM.Collect$$libinit$$00000000) refers (Special) to libinit2.o(.ARM.Collect$$libinit$$00000030) for __rt_lib_init_exceptions_1
    libinit.o(.ARM.Collect$$libinit$$00000000) refers (Special) to libinit2.o(.ARM.Collect$$libinit$$00000001) for __rt_lib_init_fp_1
    libinit.o(.ARM.Collect$$libinit$$00000000) refers (Special) to libinit2.o(.ARM.Collect$$libinit$$0000001F) for __rt_lib_init_fp_trap_1
    libinit.o(.ARM.Collect$$libinit$$00000000) refers (Special) to libinit2.o(.ARM.Collect$$libinit$$00000023) for __rt_lib_init_getenv_1
    libinit.o(.ARM.Collect$$libinit$$00000000) refers (Special) to libinit2.o(.ARM.Collect$$libinit$$0000000A) for __rt_lib_init_heap_1
    libinit.o(.ARM.Collect$$libinit$$00000000) refers (Special) to libinit2.o(.ARM.Collect$$libinit$$00000011) for __rt_lib_init_lc_collate_1
    libinit.o(.ARM.Collect$$libinit$$00000000) refers (Special) to libinit2.o(.ARM.Collect$$libinit$$00000013) for __rt_lib_init_lc_ctype_1
    libinit.o(.ARM.Collect$$libinit$$00000000) refers (Special) to libinit2.o(.ARM.Collect$$libinit$$00000015) for __rt_lib_init_lc_monetary_1
    libinit.o(.ARM.Collect$$libinit$$00000000) refers (Special) to libinit2.o(.ARM.Collect$$libinit$$00000017) for __rt_lib_init_lc_numeric_1
    libinit.o(.ARM.Collect$$libinit$$00000000) refers (Special) to libinit2.o(.ARM.Collect$$libinit$$00000019) for __rt_lib_init_lc_time_1
    libinit.o(.ARM.Collect$$libinit$$00000000) refers (Special) to libinit2.o(.ARM.Collect$$libinit$$00000004) for __rt_lib_init_preinit_1
    libinit.o(.ARM.Collect$$libinit$$00000000) refers (Special) to libinit2.o(.ARM.Collect$$libinit$$0000000E) for __rt_lib_init_rand_1
    libinit.o(.ARM.Collect$$libinit$$00000000) refers (Special) to libinit2.o(.ARM.Collect$$libinit$$00000033) for __rt_lib_init_return
    libinit.o(.ARM.Collect$$libinit$$00000000) refers (Special) to libinit2.o(.ARM.Collect$$libinit$$0000001D) for __rt_lib_init_signal_1
    libinit.o(.ARM.Collect$$libinit$$00000000) refers (Special) to libinit2.o(.ARM.Collect$$libinit$$00000025) for __rt_lib_init_stdio_1
    libinit.o(.ARM.Collect$$libinit$$00000000) refers (Special) to libinit2.o(.ARM.Collect$$libinit$$0000000C) for __rt_lib_init_user_alloc_1
    libinit2.o(.ARM.Collect$$libinit$$00000001) refers to fpinit.o(x$fpl$fpinit) for _fp_init
    libinit2.o(.ARM.Collect$$libinit$$0000000F) refers (Weak) to rt_locale_intlibspace.o(.text) for __rt_locale
    libinit2.o(.ARM.Collect$$libinit$$00000010) refers to libinit2.o(.ARM.Collect$$libinit$$0000000F) for .ARM.Collect$$libinit$$0000000F
    libinit2.o(.ARM.Collect$$libinit$$00000012) refers to libinit2.o(.ARM.Collect$$libinit$$0000000F) for .ARM.Collect$$libinit$$0000000F
    libinit2.o(.ARM.Collect$$libinit$$00000014) refers to libinit2.o(.ARM.Collect$$libinit$$0000000F) for .ARM.Collect$$libinit$$0000000F
    libinit2.o(.ARM.Collect$$libinit$$00000016) refers to libinit2.o(.ARM.Collect$$libinit$$0000000F) for .ARM.Collect$$libinit$$0000000F
    libinit2.o(.ARM.Collect$$libinit$$00000016) refers (Weak) to lc_numeric_c.o(locale$$code) for _get_lc_numeric
    libinit2.o(.ARM.Collect$$libinit$$00000018) refers to libinit2.o(.ARM.Collect$$libinit$$0000000F) for .ARM.Collect$$libinit$$0000000F
    libinit2.o(.ARM.Collect$$libinit$$00000026) refers to argv_veneer.o(.emb_text) for __ARM_argv_veneer
    libinit2.o(.ARM.Collect$$libinit$$00000027) refers to argv_veneer.o(.emb_text) for __ARM_argv_veneer
    rtexit.o(.ARM.Collect$$rtexit$$00000000) refers (Special) to rtexit2.o(.ARM.Collect$$rtexit$$00000004) for __rt_exit_exit
    rtexit.o(.ARM.Collect$$rtexit$$00000000) refers (Special) to rtexit2.o(.ARM.Collect$$rtexit$$00000003) for __rt_exit_ls
    rtexit.o(.ARM.Collect$$rtexit$$00000000) refers (Special) to rtexit2.o(.ARM.Collect$$rtexit$$00000002) for __rt_exit_prels_1
    rtexit.o(.ARM.exidx) refers (Special) to rtexit2.o(.ARM.Collect$$rtexit$$00000004) for __rt_exit_exit
    rtexit.o(.ARM.exidx) refers (Special) to rtexit2.o(.ARM.Collect$$rtexit$$00000003) for __rt_exit_ls
    rtexit.o(.ARM.exidx) refers (Special) to rtexit2.o(.ARM.Collect$$rtexit$$00000002) for __rt_exit_prels_1
    rtexit.o(.ARM.exidx) refers to rtexit.o(.ARM.Collect$$rtexit$$00000000) for .ARM.Collect$$rtexit$$00000000
    argv_veneer.o(.emb_text) refers to no_argv.o(.text) for __ARM_get_argv
    rtexit2.o(.ARM.Collect$$rtexit$$00000003) refers to libshutdown.o(.ARM.Collect$$libshutdown$$00000000) for __rt_lib_shutdown
    rtexit2.o(.ARM.Collect$$rtexit$$00000004) refers to sys_exit.o(.text) for _sys_exit
    rtexit2.o(.ARM.exidx) refers to rtexit2.o(.ARM.Collect$$rtexit$$00000001) for .ARM.Collect$$rtexit$$00000001
    rtexit2.o(.ARM.exidx) refers to rtexit2.o(.ARM.Collect$$rtexit$$00000003) for .ARM.Collect$$rtexit$$00000003
    rtexit2.o(.ARM.exidx) refers to rtexit2.o(.ARM.Collect$$rtexit$$00000004) for .ARM.Collect$$rtexit$$00000004
    _get_argv_nomalloc.o(.text) refers (Special) to hrguard.o(.text) for __heap_region$guard
    _get_argv_nomalloc.o(.text) refers to defsig_rtmem_outer.o(.text) for __rt_SIGRTMEM
    _get_argv_nomalloc.o(.text) refers to sys_command.o(.text) for _sys_command_string
    sys_command.o(.text) refers (Special) to use_no_semi.o(.text) for __I$use$semihosting
    sys_command.o(.text) refers (Special) to indicate_semi.o(.text) for __semihosting_library_function
    sys_exit.o(.text) refers (Special) to use_no_semi.o(.text) for __I$use$semihosting
    sys_exit.o(.text) refers (Special) to indicate_semi.o(.text) for __semihosting_library_function
    defsig_rtmem_outer.o(.text) refers to defsig_rtmem_inner.o(.text) for __rt_SIGRTMEM_inner
    defsig_rtmem_outer.o(.text) refers to defsig_exit.o(.text) for __sig_exit
    defsig_rtmem_formal.o(.text) refers to rt_raise.o(.text) for __rt_raise
    libshutdown.o(.ARM.Collect$$libshutdown$$00000000) refers (Special) to libshutdown2.o(.ARM.Collect$$libshutdown$$00000002) for __rt_lib_shutdown_cpp_1
    libshutdown.o(.ARM.Collect$$libshutdown$$00000000) refers (Special) to libshutdown2.o(.ARM.Collect$$libshutdown$$00000007) for __rt_lib_shutdown_fp_trap_1
    libshutdown.o(.ARM.Collect$$libshutdown$$00000000) refers (Special) to libshutdown2.o(.ARM.Collect$$libshutdown$$0000000F) for __rt_lib_shutdown_heap_1
    libshutdown.o(.ARM.Collect$$libshutdown$$00000000) refers (Special) to libshutdown2.o(.ARM.Collect$$libshutdown$$00000010) for __rt_lib_shutdown_return
    libshutdown.o(.ARM.Collect$$libshutdown$$00000000) refers (Special) to libshutdown2.o(.ARM.Collect$$libshutdown$$0000000A) for __rt_lib_shutdown_signal_1
    libshutdown.o(.ARM.Collect$$libshutdown$$00000000) refers (Special) to libshutdown2.o(.ARM.Collect$$libshutdown$$00000004) for __rt_lib_shutdown_stdio_1
    libshutdown.o(.ARM.Collect$$libshutdown$$00000000) refers (Special) to libshutdown2.o(.ARM.Collect$$libshutdown$$0000000C) for __rt_lib_shutdown_user_alloc_1
    rt_raise.o(.text) refers to __raise.o(.text) for __raise
    rt_raise.o(.text) refers to sys_exit.o(.text) for _sys_exit
    defsig_exit.o(.text) refers to sys_exit.o(.text) for _sys_exit
    defsig_rtmem_inner.o(.text) refers to defsig_general.o(.text) for __default_signal_display
    __raise.o(.text) refers to defsig.o(CL$$defsig) for __default_signal_handler
    defsig_general.o(.text) refers to sys_wrch.o(.text) for _ttywrch
    sys_wrch.o(.text) refers (Special) to use_no_semi.o(.text) for __I$use$semihosting
    sys_wrch.o(.text) refers (Special) to indicate_semi.o(.text) for __semihosting_library_function
    defsig.o(CL$$defsig) refers to defsig_rtmem_inner.o(.text) for __rt_SIGRTMEM_inner
    defsig_abrt_inner.o(.text) refers to defsig_general.o(.text) for __default_signal_display
    defsig_fpe_inner.o(.text) refers to defsig_general.o(.text) for __default_signal_display
    defsig_rtred_inner.o(.text) refers to defsig_general.o(.text) for __default_signal_display
    defsig_stak_inner.o(.text) refers to defsig_general.o(.text) for __default_signal_display
    defsig_pvfn_inner.o(.text) refers to defsig_general.o(.text) for __default_signal_display
    defsig_cppl_inner.o(.text) refers to defsig_general.o(.text) for __default_signal_display
    defsig_segv_inner.o(.text) refers to defsig_general.o(.text) for __default_signal_display
    defsig_other.o(.text) refers to defsig_general.o(.text) for __default_signal_display


==============================================================================

Removing Unused input sections from the image.

    Removing main.o(.rev16_text), (4 bytes).
    Removing main.o(.revsh_text), (4 bytes).
    Removing main.o(.rrx_text), (6 bytes).
    Removing uart.o(.rev16_text), (4 bytes).
    Removing uart.o(.revsh_text), (4 bytes).
    Removing uart.o(.rrx_text), (6 bytes).
    Removing uart.o(i.uart_getchar), (24 bytes).
    Removing system_mk64f12.o(.rev16_text), (4 bytes).
    Removing system_mk64f12.o(.revsh_text), (4 bytes).
    Removing system_mk64f12.o(.rrx_text), (6 bytes).
    Removing system_mk64f12.o(i.SystemCoreClockUpdate), (344 bytes).
    Removing system_mk64f12.o(.data), (4 bytes).

12 unused section(s) (total 414 bytes) removed from the image.

==============================================================================

Image Symbol Table

    Local Symbols

    Symbol Name                              Value     Ov Type        Size  Object(Section)

    RESET                                    0x00000000   Section     1024  startup_mk64f12.o(RESET)
    ../clib/angel/boardlib.s                 0x00000000   Number         0  boardinit2.o ABSOLUTE
    ../clib/angel/boardlib.s                 0x00000000   Number         0  boardinit3.o ABSOLUTE
    ../clib/angel/boardlib.s                 0x00000000   Number         0  boardshut.o ABSOLUTE
    ../clib/angel/boardlib.s                 0x00000000   Number         0  boardinit1.o ABSOLUTE
    ../clib/angel/handlers.s                 0x00000000   Number         0  __scatter_zi.o ABSOLUTE
    ../clib/angel/handlers.s                 0x00000000   Number         0  __scatter_copy.o ABSOLUTE
    ../clib/angel/kernel.s                   0x00000000   Number         0  rtexit.o ABSOLUTE
    ../clib/angel/kernel.s                   0x00000000   Number         0  __rtentry2.o ABSOLUTE
    ../clib/angel/kernel.s                   0x00000000   Number         0  rtexit2.o ABSOLUTE
    ../clib/angel/kernel.s                   0x00000000   Number         0  __rtentry4.o ABSOLUTE
    ../clib/angel/kernel.s                   0x00000000   Number         0  __rtentry.o ABSOLUTE
    ../clib/angel/rt.s                       0x00000000   Number         0  rt_raise.o ABSOLUTE
    ../clib/angel/rt.s                       0x00000000   Number         0  rt_locale_intlibspace.o ABSOLUTE
    ../clib/angel/rt.s                       0x00000000   Number         0  rt_locale.o ABSOLUTE
    ../clib/angel/scatter.s                  0x00000000   Number         0  __scatter.o ABSOLUTE
    ../clib/angel/startup.s                  0x00000000   Number         0  __main.o ABSOLUTE
    ../clib/angel/sys.s                      0x00000000   Number         0  indicate_semi.o ABSOLUTE
    ../clib/angel/sys.s                      0x00000000   Number         0  use_no_semi.o ABSOLUTE
    ../clib/angel/sys.s                      0x00000000   Number         0  sys_stackheap_outer.o ABSOLUTE
    ../clib/angel/sys.s                      0x00000000   Number         0  libspace.o ABSOLUTE
    ../clib/angel/sysapp.c                   0x00000000   Number         0  sys_exit.o ABSOLUTE
    ../clib/angel/sysapp.c                   0x00000000   Number         0  sys_command.o ABSOLUTE
    ../clib/angel/sysapp.c                   0x00000000   Number         0  sys_wrch.o ABSOLUTE
    ../clib/armsys.c                         0x00000000   Number         0  argv_veneer.o ABSOLUTE
    ../clib/armsys.c                         0x00000000   Number         0  no_argv.o ABSOLUTE
    ../clib/armsys.c                         0x00000000   Number         0  _get_argv_nomalloc.o ABSOLUTE
    ../clib/armsys.c                         0x00000000   Number         0  argv_veneer.o ABSOLUTE
    ../clib/bigflt.c                         0x00000000   Number         0  bigflt0.o ABSOLUTE
    ../clib/btod.s                           0x00000000   Number         0  btod.o ABSOLUTE
    ../clib/heapalloc.c                      0x00000000   Number         0  hrguard.o ABSOLUTE
    ../clib/heapaux.c                        0x00000000   Number         0  heapauxi.o ABSOLUTE
    ../clib/libinit.s                        0x00000000   Number         0  libinit.o ABSOLUTE
    ../clib/libinit.s                        0x00000000   Number         0  libinit2.o ABSOLUTE
    ../clib/libinit.s                        0x00000000   Number         0  libshutdown.o ABSOLUTE
    ../clib/libinit.s                        0x00000000   Number         0  libshutdown2.o ABSOLUTE
    ../clib/locale.s                         0x00000000   Number         0  lc_numeric_c.o ABSOLUTE
    ../clib/longlong.s                       0x00000000   Number         0  lludiv10.o ABSOLUTE
    ../clib/memcpset.s                       0x00000000   Number         0  strcmpv7m.o ABSOLUTE
    ../clib/printf.c                         0x00000000   Number         0  __printf_nopercent.o ABSOLUTE
    ../clib/printf.c                         0x00000000   Number         0  __printf_ss_wp.o ABSOLUTE
    ../clib/printf.c                         0x00000000   Number         0  _sputc.o ABSOLUTE
    ../clib/printf.c                         0x00000000   Number         0  __2sprintf.o ABSOLUTE
    ../clib/printf.c                         0x00000000   Number         0  __printf.o ABSOLUTE
    ../clib/printf.c                         0x00000000   Number         0  _printf_fp_infnan.o ABSOLUTE
    ../clib/printf.c                         0x00000000   Number         0  __printf_flags.o ABSOLUTE
    ../clib/printf.c                         0x00000000   Number         0  __printf_ss.o ABSOLUTE
    ../clib/printf.c                         0x00000000   Number         0  __printf_flags_ss.o ABSOLUTE
    ../clib/printf.c                         0x00000000   Number         0  __printf_wp.o ABSOLUTE
    ../clib/printf.c                         0x00000000   Number         0  __printf_flags_wp.o ABSOLUTE
    ../clib/printf.c                         0x00000000   Number         0  noretval__2sprintf.o ABSOLUTE
    ../clib/printf.c                         0x00000000   Number         0  _printf_fp_dec.o ABSOLUTE
    ../clib/printf.c                         0x00000000   Number         0  __printf_flags_ss_wp.o ABSOLUTE
    ../clib/printf.c                         0x00000000   Number         0  _printf_char_common.o ABSOLUTE
    ../clib/printf_percent.s                 0x00000000   Number         0  _printf_percent.o ABSOLUTE
    ../clib/printf_percent.s                 0x00000000   Number         0  _printf_f.o ABSOLUTE
    ../clib/printf_percent.s                 0x00000000   Number         0  _printf_percent_end.o ABSOLUTE
    ../clib/signal.c                         0x00000000   Number         0  defsig_exit.o ABSOLUTE
    ../clib/signal.c                         0x00000000   Number         0  defsig_other.o ABSOLUTE
    ../clib/signal.c                         0x00000000   Number         0  defsig_segv_inner.o ABSOLUTE
    ../clib/signal.c                         0x00000000   Number         0  defsig_cppl_inner.o ABSOLUTE
    ../clib/signal.c                         0x00000000   Number         0  defsig_pvfn_inner.o ABSOLUTE
    ../clib/signal.c                         0x00000000   Number         0  defsig_stak_inner.o ABSOLUTE
    ../clib/signal.c                         0x00000000   Number         0  defsig_rtred_inner.o ABSOLUTE
    ../clib/signal.c                         0x00000000   Number         0  defsig_fpe_inner.o ABSOLUTE
    ../clib/signal.c                         0x00000000   Number         0  defsig_abrt_inner.o ABSOLUTE
    ../clib/signal.c                         0x00000000   Number         0  defsig_general.o ABSOLUTE
    ../clib/signal.c                         0x00000000   Number         0  defsig_rtmem_outer.o ABSOLUTE
    ../clib/signal.c                         0x00000000   Number         0  __raise.o ABSOLUTE
    ../clib/signal.c                         0x00000000   Number         0  defsig_rtmem_formal.o ABSOLUTE
    ../clib/signal.c                         0x00000000   Number         0  defsig_rtmem_inner.o ABSOLUTE
    ../clib/signal.s                         0x00000000   Number         0  defsig.o ABSOLUTE
    ../clib/stdlib.c                         0x00000000   Number         0  exit.o ABSOLUTE
    ../fplib/daddsub.s                       0x00000000   Number         0  daddsub_clz.o ABSOLUTE
    ../fplib/ddiv.s                          0x00000000   Number         0  ddiv.o ABSOLUTE
    ../fplib/dflt.s                          0x00000000   Number         0  dflt_clz.o ABSOLUTE
    ../fplib/dmul.s                          0x00000000   Number         0  dmul.o ABSOLUTE
    ../fplib/dnaninf.s                       0x00000000   Number         0  dnaninf.o ABSOLUTE
    ../fplib/dretinf.s                       0x00000000   Number         0  dretinf.o ABSOLUTE
    ../fplib/fpinit.s                        0x00000000   Number         0  fpinit.o ABSOLUTE
    ../fplib/istatus.s                       0x00000000   Number         0  istatus.o ABSOLUTE
    ../fplib/printf1.s                       0x00000000   Number         0  printf1.o ABSOLUTE
    ../fplib/usenofp.s                       0x00000000   Number         0  usenofp.o ABSOLUTE
    ../mathlib/fpclassify.c                  0x00000000   Number         0  fpclassify.o ABSOLUTE
    RTE\Device\MK64FN1M0xxx12\startup_MK64F12.s 0x00000000   Number         0  startup_mk64f12.o ABSOLUTE
    RTE\Device\MK64FN1M0xxx12\system_MK64F12.c 0x00000000   Number         0  system_mk64f12.o ABSOLUTE
    RTE\\Device\\MK64FN1M0xxx12\\system_MK64F12.c 0x00000000   Number         0  system_mk64f12.o ABSOLUTE
    dc.s                                     0x00000000   Number         0  dc.o ABSOLUTE
    main.c                                   0x00000000   Number         0  main.o ABSOLUTE
    main.c                                   0x00000000   Number         0  main.o ABSOLUTE
    uart.c                                   0x00000000   Number         0  uart.o ABSOLUTE
    uart.c                                   0x00000000   Number         0  uart.o ABSOLUTE
    .ARM.__at_0x400                          0x00000400   Section       16  startup_mk64f12.o(.ARM.__at_0x400)
    !!!main                                  0x00000410   Section        8  __main.o(!!!main)
    !!!scatter                               0x00000418   Section       52  __scatter.o(!!!scatter)
    !!handler_copy                           0x0000044c   Section       26  __scatter_copy.o(!!handler_copy)
    !!handler_zi                             0x00000468   Section       28  __scatter_zi.o(!!handler_zi)
    .ARM.Collect$$_printf_percent$$00000000  0x00000484   Section        0  _printf_percent.o(.ARM.Collect$$_printf_percent$$00000000)
    .ARM.Collect$$_printf_percent$$00000003  0x00000484   Section        6  _printf_f.o(.ARM.Collect$$_printf_percent$$00000003)
    .ARM.Collect$$_printf_percent$$00000017  0x0000048a   Section        4  _printf_percent_end.o(.ARM.Collect$$_printf_percent$$00000017)
    .ARM.Collect$$libinit$$00000000          0x0000048e   Section        2  libinit.o(.ARM.Collect$$libinit$$00000000)
    .ARM.Collect$$libinit$$00000001          0x00000490   Section        4  libinit2.o(.ARM.Collect$$libinit$$00000001)
    .ARM.Collect$$libinit$$00000004          0x00000494   Section        0  libinit2.o(.ARM.Collect$$libinit$$00000004)
    .ARM.Collect$$libinit$$0000000A          0x00000494   Section        0  libinit2.o(.ARM.Collect$$libinit$$0000000A)
    .ARM.Collect$$libinit$$0000000C          0x00000494   Section        0  libinit2.o(.ARM.Collect$$libinit$$0000000C)
    .ARM.Collect$$libinit$$0000000E          0x00000494   Section        0  libinit2.o(.ARM.Collect$$libinit$$0000000E)
    .ARM.Collect$$libinit$$0000000F          0x00000494   Section        6  libinit2.o(.ARM.Collect$$libinit$$0000000F)
    .ARM.Collect$$libinit$$00000011          0x0000049a   Section        0  libinit2.o(.ARM.Collect$$libinit$$00000011)
    .ARM.Collect$$libinit$$00000013          0x0000049a   Section        0  libinit2.o(.ARM.Collect$$libinit$$00000013)
    .ARM.Collect$$libinit$$00000015          0x0000049a   Section        0  libinit2.o(.ARM.Collect$$libinit$$00000015)
    .ARM.Collect$$libinit$$00000016          0x0000049a   Section       10  libinit2.o(.ARM.Collect$$libinit$$00000016)
    .ARM.Collect$$libinit$$00000017          0x000004a4   Section        0  libinit2.o(.ARM.Collect$$libinit$$00000017)
    .ARM.Collect$$libinit$$00000019          0x000004a4   Section        0  libinit2.o(.ARM.Collect$$libinit$$00000019)
    .ARM.Collect$$libinit$$0000001B          0x000004a4   Section        0  libinit2.o(.ARM.Collect$$libinit$$0000001B)
    .ARM.Collect$$libinit$$0000001D          0x000004a4   Section        0  libinit2.o(.ARM.Collect$$libinit$$0000001D)
    .ARM.Collect$$libinit$$0000001F          0x000004a4   Section        0  libinit2.o(.ARM.Collect$$libinit$$0000001F)
    .ARM.Collect$$libinit$$00000021          0x000004a4   Section        0  libinit2.o(.ARM.Collect$$libinit$$00000021)
    .ARM.Collect$$libinit$$00000023          0x000004a4   Section        0  libinit2.o(.ARM.Collect$$libinit$$00000023)
    .ARM.Collect$$libinit$$00000025          0x000004a4   Section        0  libinit2.o(.ARM.Collect$$libinit$$00000025)
    .ARM.Collect$$libinit$$0000002C          0x000004a4   Section        0  libinit2.o(.ARM.Collect$$libinit$$0000002C)
    .ARM.Collect$$libinit$$0000002E          0x000004a4   Section        0  libinit2.o(.ARM.Collect$$libinit$$0000002E)
    .ARM.Collect$$libinit$$00000030          0x000004a4   Section        0  libinit2.o(.ARM.Collect$$libinit$$00000030)
    .ARM.Collect$$libinit$$00000032          0x000004a4   Section        0  libinit2.o(.ARM.Collect$$libinit$$00000032)
    .ARM.Collect$$libinit$$00000033          0x000004a4   Section        2  libinit2.o(.ARM.Collect$$libinit$$00000033)
    .ARM.Collect$$libshutdown$$00000000      0x000004a6   Section        2  libshutdown.o(.ARM.Collect$$libshutdown$$00000000)
    .ARM.Collect$$libshutdown$$00000002      0x000004a8   Section        0  libshutdown2.o(.ARM.Collect$$libshutdown$$00000002)
    .ARM.Collect$$libshutdown$$00000004      0x000004a8   Section        0  libshutdown2.o(.ARM.Collect$$libshutdown$$00000004)
    .ARM.Collect$$libshutdown$$00000007      0x000004a8   Section        0  libshutdown2.o(.ARM.Collect$$libshutdown$$00000007)
    .ARM.Collect$$libshutdown$$0000000A      0x000004a8   Section        0  libshutdown2.o(.ARM.Collect$$libshutdown$$0000000A)
    .ARM.Collect$$libshutdown$$0000000C      0x000004a8   Section        0  libshutdown2.o(.ARM.Collect$$libshutdown$$0000000C)
    .ARM.Collect$$libshutdown$$0000000F      0x000004a8   Section        0  libshutdown2.o(.ARM.Collect$$libshutdown$$0000000F)
    .ARM.Collect$$libshutdown$$00000010      0x000004a8   Section        2  libshutdown2.o(.ARM.Collect$$libshutdown$$00000010)
    .ARM.Collect$$rtentry$$00000000          0x000004aa   Section        0  __rtentry.o(.ARM.Collect$$rtentry$$00000000)
    .ARM.Collect$$rtentry$$00000002          0x000004aa   Section        0  __rtentry2.o(.ARM.Collect$$rtentry$$00000002)
    .ARM.Collect$$rtentry$$00000004          0x000004aa   Section        6  __rtentry4.o(.ARM.Collect$$rtentry$$00000004)
    .ARM.Collect$$rtentry$$00000009          0x000004b0   Section        0  __rtentry2.o(.ARM.Collect$$rtentry$$00000009)
    .ARM.Collect$$rtentry$$0000000A          0x000004b0   Section        4  __rtentry2.o(.ARM.Collect$$rtentry$$0000000A)
    .ARM.Collect$$rtentry$$0000000C          0x000004b4   Section        0  __rtentry2.o(.ARM.Collect$$rtentry$$0000000C)
    .ARM.Collect$$rtentry$$0000000D          0x000004b4   Section        8  __rtentry2.o(.ARM.Collect$$rtentry$$0000000D)
    .ARM.Collect$$rtexit$$00000000           0x000004bc   Section        2  rtexit.o(.ARM.Collect$$rtexit$$00000000)
    .ARM.Collect$$rtexit$$00000002           0x000004be   Section        0  rtexit2.o(.ARM.Collect$$rtexit$$00000002)
    .ARM.Collect$$rtexit$$00000003           0x000004be   Section        4  rtexit2.o(.ARM.Collect$$rtexit$$00000003)
    .ARM.Collect$$rtexit$$00000004           0x000004c2   Section        6  rtexit2.o(.ARM.Collect$$rtexit$$00000004)
    .text                                    0x000004c8   Section       72  startup_mk64f12.o(.text)
    $v0                                      0x000004c8   Number         0  startup_mk64f12.o(.text)
    .text                                    0x00000510   Section        0  noretval__2sprintf.o(.text)
    .text                                    0x00000538   Section        0  __printf.o(.text)
    .text                                    0x000005a0   Section        0  heapauxi.o(.text)
    .text                                    0x000005a6   Section        0  _printf_fp_dec.o(.text)
    _fp_digits                               0x000005a9   Thumb Code   432  _printf_fp_dec.o(.text)
    .text                                    0x000009c4   Section        0  _printf_char_common.o(.text)
    _printf_input_char                       0x000009c5   Thumb Code    10  _printf_char_common.o(.text)
    .text                                    0x000009f4   Section        0  _sputc.o(.text)
    .text                                    0x00000a00   Section        8  rt_locale_intlibspace.o(.text)
    .text                                    0x00000a08   Section      138  lludiv10.o(.text)
    .text                                    0x00000a94   Section        0  _printf_fp_infnan.o(.text)
    .text                                    0x00000b14   Section        0  bigflt0.o(.text)
    .text                                    0x00000bf8   Section        8  libspace.o(.text)
    .text                                    0x00000c00   Section       74  sys_stackheap_outer.o(.text)
    .text                                    0x00000c4a   Section        0  exit.o(.text)
    .text                                    0x00000c5c   Section      128  strcmpv7m.o(.text)
    .text                                    0x00000cdc   Section        0  sys_exit.o(.text)
    .text                                    0x00000ce8   Section        2  use_no_semi.o(.text)
    .text                                    0x00000cea   Section        0  indicate_semi.o(.text)
    CL$$btod_d2e                             0x00000cea   Section       62  btod.o(CL$$btod_d2e)
    CL$$btod_d2e_denorm_low                  0x00000d28   Section       70  btod.o(CL$$btod_d2e_denorm_low)
    CL$$btod_d2e_norm_op1                    0x00000d6e   Section       96  btod.o(CL$$btod_d2e_norm_op1)
    CL$$btod_div_common                      0x00000dce   Section      824  btod.o(CL$$btod_div_common)
    CL$$btod_e2e                             0x00001106   Section      220  btod.o(CL$$btod_e2e)
    CL$$btod_ediv                            0x000011e2   Section       42  btod.o(CL$$btod_ediv)
    CL$$btod_emul                            0x0000120c   Section       42  btod.o(CL$$btod_emul)
    CL$$btod_mult_common                     0x00001236   Section      580  btod.o(CL$$btod_mult_common)
    i.ADC1_INIT                              0x0000147c   Section        0  main.o(i.ADC1_INIT)
    i.ADC1_IRQHandler                        0x0000152c   Section        0  main.o(i.ADC1_IRQHandler)
    i.DAC0_INIT                              0x00001540   Section        0  main.o(i.DAC0_INIT)
    i.PDB_INIT                               0x00001568   Section        0  main.o(i.PDB_INIT)
    i.SystemInit                             0x00001594   Section        0  system_mk64f12.o(i.SystemInit)
    i.__ARM_fpclassify                       0x00001634   Section        0  fpclassify.o(i.__ARM_fpclassify)
    i.main                                   0x00001664   Section        0  main.o(i.main)
    i.uart_init                              0x00001730   Section        0  uart.o(i.uart_init)
    i.uart_put                               0x000017b8   Section        0  uart.o(i.uart_put)
    i.uart_putchar                           0x000017d0   Section        0  uart.o(i.uart_putchar)
    locale$$code                             0x000017e8   Section       44  lc_numeric_c.o(locale$$code)
    x$fpl$dadd                               0x00001814   Section      336  daddsub_clz.o(x$fpl$dadd)
    $v0                                      0x00001814   Number         0  daddsub_clz.o(x$fpl$dadd)
    _dadd1                                   0x00001825   Thumb Code     0  daddsub_clz.o(x$fpl$dadd)
    x$fpl$ddiv                               0x00001964   Section      688  ddiv.o(x$fpl$ddiv)
    $v0                                      0x00001964   Number         0  ddiv.o(x$fpl$ddiv)
    ddiv_entry                               0x0000196b   Thumb Code     0  ddiv.o(x$fpl$ddiv)
    x$fpl$dflt                               0x00001c14   Section       46  dflt_clz.o(x$fpl$dflt)
    $v0                                      0x00001c14   Number         0  dflt_clz.o(x$fpl$dflt)
    x$fpl$dmul                               0x00001c44   Section      340  dmul.o(x$fpl$dmul)
    $v0                                      0x00001c44   Number         0  dmul.o(x$fpl$dmul)
    x$fpl$dnaninf                            0x00001d98   Section      156  dnaninf.o(x$fpl$dnaninf)
    $v0                                      0x00001d98   Number         0  dnaninf.o(x$fpl$dnaninf)
    x$fpl$dretinf                            0x00001e34   Section       12  dretinf.o(x$fpl$dretinf)
    $v0                                      0x00001e34   Number         0  dretinf.o(x$fpl$dretinf)
    x$fpl$dsub                               0x00001e40   Section      468  daddsub_clz.o(x$fpl$dsub)
    $v0                                      0x00001e40   Number         0  daddsub_clz.o(x$fpl$dsub)
    _dsub1                                   0x00001e51   Thumb Code     0  daddsub_clz.o(x$fpl$dsub)
    x$fpl$fpinit                             0x00002014   Section       10  fpinit.o(x$fpl$fpinit)
    $v0                                      0x00002014   Number         0  fpinit.o(x$fpl$fpinit)
    x$fpl$printf1                            0x0000201e   Section        4  printf1.o(x$fpl$printf1)
    $v0                                      0x0000201e   Number         0  printf1.o(x$fpl$printf1)
    x$fpl$usenofp                            0x00002022   Section        0  usenofp.o(x$fpl$usenofp)
    .constdata                               0x00002024   Section      148  bigflt0.o(.constdata)
    tenpwrs_x                                0x00002024   Data          60  bigflt0.o(.constdata)
    tenpwrs_i                                0x00002060   Data          64  bigflt0.o(.constdata)
    locale$$data                             0x000020d8   Section       28  lc_numeric_c.o(locale$$data)
    __lcnum_c_name                           0x000020dc   Data           2  lc_numeric_c.o(locale$$data)
    __lcnum_c_start                          0x000020e4   Data           0  lc_numeric_c.o(locale$$data)
    __lcnum_c_point                          0x000020f0   Data           0  lc_numeric_c.o(locale$$data)
    __lcnum_c_thousands                      0x000020f2   Data           0  lc_numeric_c.o(locale$$data)
    __lcnum_c_grouping                       0x000020f3   Data           0  lc_numeric_c.o(locale$$data)
    __lcnum_c_end                            0x000020f4   Data           0  lc_numeric_c.o(locale$$data)
    .data                                    0x20000000   Section        2  main.o(.data)
    .bss                                     0x20000004   Section       96  libspace.o(.bss)
    HEAP                                     0x20000068   Section        0  startup_mk64f12.o(HEAP)
    STACK                                    0x20000068   Section     1024  startup_mk64f12.o(STACK)
    Heap_Mem                                 0x20000068   Data           0  startup_mk64f12.o(HEAP)
    Stack_Mem                                0x20000068   Data        1024  startup_mk64f12.o(STACK)
    __initial_sp                             0x20000468   Data           0  startup_mk64f12.o(STACK)

    Global Symbols

    Symbol Name                              Value     Ov Type        Size  Object(Section)

    BuildAttributes$$THM_ISAv4$E$P$D$K$B$S$7EM$VFPi3$EXTD16$VFPS$VFMA$PE$A:L22UL41UL21$X:L11$S22US41US21$IEEE1$IW$USESV6$~STKCKD$USESV7$~SHL$OTIME$ROPI$IEEEJ$EBA8$UX$STANDARDLIB$REQ8$PRES8$EABIv2 0x00000000   Number         0  anon$$obj.o ABSOLUTE
    __ARM_use_no_argv                        0x00000000   Number         0  main.o ABSOLUTE
    __Vectors                                0x00000000   Data           4  startup_mk64f12.o(RESET)
    __ARM_exceptions_init                     - Undefined Weak Reference
    __alloca_initialize                       - Undefined Weak Reference
    __arm_preinit_                            - Undefined Weak Reference
    __cpp_initialize__aeabi_                  - Undefined Weak Reference
    __cxa_finalize                            - Undefined Weak Reference
    __sigvec_lookup                           - Undefined Weak Reference
    _atexit_init                              - Undefined Weak Reference
    _call_atexit_fns                          - Undefined Weak Reference
    _clock_init                               - Undefined Weak Reference
    _fp_trap_init                             - Undefined Weak Reference
    _fp_trap_shutdown                         - Undefined Weak Reference
    _get_lc_collate                           - Undefined Weak Reference
    _get_lc_ctype                             - Undefined Weak Reference
    _get_lc_monetary                          - Undefined Weak Reference
    _get_lc_time                              - Undefined Weak Reference
    _getenv_init                              - Undefined Weak Reference
    _handle_redirection                       - Undefined Weak Reference
    _init_alloc                               - Undefined Weak Reference
    _init_user_alloc                          - Undefined Weak Reference
    _initio                                   - Undefined Weak Reference
    _printf_post_padding                      - Undefined Weak Reference
    _printf_pre_padding                       - Undefined Weak Reference
    _rand_init                                - Undefined Weak Reference
    _signal_finish                            - Undefined Weak Reference
    _signal_init                              - Undefined Weak Reference
    _terminate_alloc                          - Undefined Weak Reference
    _terminate_user_alloc                     - Undefined Weak Reference
    _terminateio                              - Undefined Weak Reference
    __Vectors_End                            0x00000400   Data           0  startup_mk64f12.o(RESET)
    __Vectors_Size                           0x00000400   Number         0  startup_mk64f12.o ABSOLUTE
    __main                                   0x00000411   Thumb Code     8  __main.o(!!!main)
    __scatterload                            0x00000419   Thumb Code     0  __scatter.o(!!!scatter)
    __scatterload_rt2                        0x00000419   Thumb Code    44  __scatter.o(!!!scatter)
    __scatterload_rt2_thumb_only             0x00000419   Thumb Code     0  __scatter.o(!!!scatter)
    __scatterload_null                       0x00000427   Thumb Code     0  __scatter.o(!!!scatter)
    __scatterload_copy                       0x0000044d   Thumb Code    26  __scatter_copy.o(!!handler_copy)
    __scatterload_zeroinit                   0x00000469   Thumb Code    28  __scatter_zi.o(!!handler_zi)
    _printf_f                                0x00000485   Thumb Code     0  _printf_f.o(.ARM.Collect$$_printf_percent$$00000003)
    _printf_percent                          0x00000485   Thumb Code     0  _printf_percent.o(.ARM.Collect$$_printf_percent$$00000000)
    _printf_percent_end                      0x0000048b   Thumb Code     0  _printf_percent_end.o(.ARM.Collect$$_printf_percent$$00000017)
    __rt_lib_init                            0x0000048f   Thumb Code     0  libinit.o(.ARM.Collect$$libinit$$00000000)
    __rt_lib_init_fp_1                       0x00000491   Thumb Code     0  libinit2.o(.ARM.Collect$$libinit$$00000001)
    __rt_lib_init_heap_1                     0x00000495   Thumb Code     0  libinit2.o(.ARM.Collect$$libinit$$0000000A)
    __rt_lib_init_lc_common                  0x00000495   Thumb Code     0  libinit2.o(.ARM.Collect$$libinit$$0000000F)
    __rt_lib_init_preinit_1                  0x00000495   Thumb Code     0  libinit2.o(.ARM.Collect$$libinit$$00000004)
    __rt_lib_init_rand_1                     0x00000495   Thumb Code     0  libinit2.o(.ARM.Collect$$libinit$$0000000E)
    __rt_lib_init_user_alloc_1               0x00000495   Thumb Code     0  libinit2.o(.ARM.Collect$$libinit$$0000000C)
    __rt_lib_init_lc_collate_1               0x0000049b   Thumb Code     0  libinit2.o(.ARM.Collect$$libinit$$00000011)
    __rt_lib_init_lc_ctype_1                 0x0000049b   Thumb Code     0  libinit2.o(.ARM.Collect$$libinit$$00000013)
    __rt_lib_init_lc_monetary_1              0x0000049b   Thumb Code     0  libinit2.o(.ARM.Collect$$libinit$$00000015)
    __rt_lib_init_lc_numeric_2               0x0000049b   Thumb Code     0  libinit2.o(.ARM.Collect$$libinit$$00000016)
    __rt_lib_init_alloca_1                   0x000004a5   Thumb Code     0  libinit2.o(.ARM.Collect$$libinit$$0000002E)
    __rt_lib_init_argv_1                     0x000004a5   Thumb Code     0  libinit2.o(.ARM.Collect$$libinit$$0000002C)
    __rt_lib_init_atexit_1                   0x000004a5   Thumb Code     0  libinit2.o(.ARM.Collect$$libinit$$0000001B)
    __rt_lib_init_clock_1                    0x000004a5   Thumb Code     0  libinit2.o(.ARM.Collect$$libinit$$00000021)
    __rt_lib_init_cpp_1                      0x000004a5   Thumb Code     0  libinit2.o(.ARM.Collect$$libinit$$00000032)
    __rt_lib_init_exceptions_1               0x000004a5   Thumb Code     0  libinit2.o(.ARM.Collect$$libinit$$00000030)
    __rt_lib_init_fp_trap_1                  0x000004a5   Thumb Code     0  libinit2.o(.ARM.Collect$$libinit$$0000001F)
    __rt_lib_init_getenv_1                   0x000004a5   Thumb Code     0  libinit2.o(.ARM.Collect$$libinit$$00000023)
    __rt_lib_init_lc_numeric_1               0x000004a5   Thumb Code     0  libinit2.o(.ARM.Collect$$libinit$$00000017)
    __rt_lib_init_lc_time_1                  0x000004a5   Thumb Code     0  libinit2.o(.ARM.Collect$$libinit$$00000019)
    __rt_lib_init_return                     0x000004a5   Thumb Code     0  libinit2.o(.ARM.Collect$$libinit$$00000033)
    __rt_lib_init_signal_1                   0x000004a5   Thumb Code     0  libinit2.o(.ARM.Collect$$libinit$$0000001D)
    __rt_lib_init_stdio_1                    0x000004a5   Thumb Code     0  libinit2.o(.ARM.Collect$$libinit$$00000025)
    __rt_lib_shutdown                        0x000004a7   Thumb Code     0  libshutdown.o(.ARM.Collect$$libshutdown$$00000000)
    __rt_lib_shutdown_cpp_1                  0x000004a9   Thumb Code     0  libshutdown2.o(.ARM.Collect$$libshutdown$$00000002)
    __rt_lib_shutdown_fp_trap_1              0x000004a9   Thumb Code     0  libshutdown2.o(.ARM.Collect$$libshutdown$$00000007)
    __rt_lib_shutdown_heap_1                 0x000004a9   Thumb Code     0  libshutdown2.o(.ARM.Collect$$libshutdown$$0000000F)
    __rt_lib_shutdown_return                 0x000004a9   Thumb Code     0  libshutdown2.o(.ARM.Collect$$libshutdown$$00000010)
    __rt_lib_shutdown_signal_1               0x000004a9   Thumb Code     0  libshutdown2.o(.ARM.Collect$$libshutdown$$0000000A)
    __rt_lib_shutdown_stdio_1                0x000004a9   Thumb Code     0  libshutdown2.o(.ARM.Collect$$libshutdown$$00000004)
    __rt_lib_shutdown_user_alloc_1           0x000004a9   Thumb Code     0  libshutdown2.o(.ARM.Collect$$libshutdown$$0000000C)
    __rt_entry                               0x000004ab   Thumb Code     0  __rtentry.o(.ARM.Collect$$rtentry$$00000000)
    __rt_entry_presh_1                       0x000004ab   Thumb Code     0  __rtentry2.o(.ARM.Collect$$rtentry$$00000002)
    __rt_entry_sh                            0x000004ab   Thumb Code     0  __rtentry4.o(.ARM.Collect$$rtentry$$00000004)
    __rt_entry_li                            0x000004b1   Thumb Code     0  __rtentry2.o(.ARM.Collect$$rtentry$$0000000A)
    __rt_entry_postsh_1                      0x000004b1   Thumb Code     0  __rtentry2.o(.ARM.Collect$$rtentry$$00000009)
    __rt_entry_main                          0x000004b5   Thumb Code     0  __rtentry2.o(.ARM.Collect$$rtentry$$0000000D)
    __rt_entry_postli_1                      0x000004b5   Thumb Code     0  __rtentry2.o(.ARM.Collect$$rtentry$$0000000C)
    __rt_exit                                0x000004bd   Thumb Code     0  rtexit.o(.ARM.Collect$$rtexit$$00000000)
    __rt_exit_ls                             0x000004bf   Thumb Code     0  rtexit2.o(.ARM.Collect$$rtexit$$00000003)
    __rt_exit_prels_1                        0x000004bf   Thumb Code     0  rtexit2.o(.ARM.Collect$$rtexit$$00000002)
    __rt_exit_exit                           0x000004c3   Thumb Code     0  rtexit2.o(.ARM.Collect$$rtexit$$00000004)
    init_data_bss                            0x000004c9   Thumb Code     2  startup_mk64f12.o(.text)
    Reset_Handler                            0x000004cb   Thumb Code    12  startup_mk64f12.o(.text)
    NMI_Handler                              0x000004d7   Thumb Code     2  startup_mk64f12.o(.text)
    HardFault_Handler                        0x000004d9   Thumb Code     2  startup_mk64f12.o(.text)
    MemManage_Handler                        0x000004db   Thumb Code     2  startup_mk64f12.o(.text)
    BusFault_Handler                         0x000004dd   Thumb Code     2  startup_mk64f12.o(.text)
    UsageFault_Handler                       0x000004df   Thumb Code     2  startup_mk64f12.o(.text)
    SVC_Handler                              0x000004e1   Thumb Code     2  startup_mk64f12.o(.text)
    DebugMon_Handler                         0x000004e3   Thumb Code     2  startup_mk64f12.o(.text)
    PendSV_Handler                           0x000004e5   Thumb Code     2  startup_mk64f12.o(.text)
    SysTick_Handler                          0x000004e7   Thumb Code     2  startup_mk64f12.o(.text)
    ADC0_IRQHandler                          0x000004e9   Thumb Code     0  startup_mk64f12.o(.text)
    CAN0_Bus_Off_IRQHandler                  0x000004e9   Thumb Code     0  startup_mk64f12.o(.text)
    CAN0_Error_IRQHandler                    0x000004e9   Thumb Code     0  startup_mk64f12.o(.text)
    CAN0_ORed_Message_buffer_IRQHandler      0x000004e9   Thumb Code     0  startup_mk64f12.o(.text)
    CAN0_Rx_Warning_IRQHandler               0x000004e9   Thumb Code     0  startup_mk64f12.o(.text)
    CAN0_Tx_Warning_IRQHandler               0x000004e9   Thumb Code     0  startup_mk64f12.o(.text)
    CAN0_Wake_Up_IRQHandler                  0x000004e9   Thumb Code     0  startup_mk64f12.o(.text)
    CMP0_IRQHandler                          0x000004e9   Thumb Code     0  startup_mk64f12.o(.text)
    CMP1_IRQHandler                          0x000004e9   Thumb Code     0  startup_mk64f12.o(.text)
    CMP2_IRQHandler                          0x000004e9   Thumb Code     0  startup_mk64f12.o(.text)
    CMT_IRQHandler                           0x000004e9   Thumb Code     0  startup_mk64f12.o(.text)
    DAC0_IRQHandler                          0x000004e9   Thumb Code     0  startup_mk64f12.o(.text)
    DAC1_IRQHandler                          0x000004e9   Thumb Code     0  startup_mk64f12.o(.text)
    DMA0_IRQHandler                          0x000004e9   Thumb Code     0  startup_mk64f12.o(.text)
    DMA10_IRQHandler                         0x000004e9   Thumb Code     0  startup_mk64f12.o(.text)
    DMA11_IRQHandler                         0x000004e9   Thumb Code     0  startup_mk64f12.o(.text)
    DMA12_IRQHandler                         0x000004e9   Thumb Code     0  startup_mk64f12.o(.text)
    DMA13_IRQHandler                         0x000004e9   Thumb Code     0  startup_mk64f12.o(.text)
    DMA14_IRQHandler                         0x000004e9   Thumb Code     0  startup_mk64f12.o(.text)
    DMA15_IRQHandler                         0x000004e9   Thumb Code     0  startup_mk64f12.o(.text)
    DMA1_IRQHandler                          0x000004e9   Thumb Code     0  startup_mk64f12.o(.text)
    DMA2_IRQHandler                          0x000004e9   Thumb Code     0  startup_mk64f12.o(.text)
    DMA3_IRQHandler                          0x000004e9   Thumb Code     0  startup_mk64f12.o(.text)
    DMA4_IRQHandler                          0x000004e9   Thumb Code     0  startup_mk64f12.o(.text)
    DMA5_IRQHandler                          0x000004e9   Thumb Code     0  startup_mk64f12.o(.text)
    DMA6_IRQHandler                          0x000004e9   Thumb Code     0  startup_mk64f12.o(.text)
    DMA7_IRQHandler                          0x000004e9   Thumb Code     0  startup_mk64f12.o(.text)
    DMA8_IRQHandler                          0x000004e9   Thumb Code     0  startup_mk64f12.o(.text)
    DMA9_IRQHandler                          0x000004e9   Thumb Code     0  startup_mk64f12.o(.text)
    DMA_Error_IRQHandler                     0x000004e9   Thumb Code     0  startup_mk64f12.o(.text)
    DefaultISR                               0x000004e9   Thumb Code     0  startup_mk64f12.o(.text)
    ENET_1588_Timer_IRQHandler               0x000004e9   Thumb Code     0  startup_mk64f12.o(.text)
    ENET_Error_IRQHandler                    0x000004e9   Thumb Code     0  startup_mk64f12.o(.text)
    ENET_Receive_IRQHandler                  0x000004e9   Thumb Code     0  startup_mk64f12.o(.text)
    ENET_Transmit_IRQHandler                 0x000004e9   Thumb Code     0  startup_mk64f12.o(.text)
    FTFE_IRQHandler                          0x000004e9   Thumb Code     0  startup_mk64f12.o(.text)
    FTM0_IRQHandler                          0x000004e9   Thumb Code     0  startup_mk64f12.o(.text)
    FTM1_IRQHandler                          0x000004e9   Thumb Code     0  startup_mk64f12.o(.text)
    FTM2_IRQHandler                          0x000004e9   Thumb Code     0  startup_mk64f12.o(.text)
    FTM3_IRQHandler                          0x000004e9   Thumb Code     0  startup_mk64f12.o(.text)
    I2C0_IRQHandler                          0x000004e9   Thumb Code     0  startup_mk64f12.o(.text)
    I2C1_IRQHandler                          0x000004e9   Thumb Code     0  startup_mk64f12.o(.text)
    I2C2_IRQHandler                          0x000004e9   Thumb Code     0  startup_mk64f12.o(.text)
    I2S0_Rx_IRQHandler                       0x000004e9   Thumb Code     0  startup_mk64f12.o(.text)
    I2S0_Tx_IRQHandler                       0x000004e9   Thumb Code     0  startup_mk64f12.o(.text)
    LLW_IRQHandler                           0x000004e9   Thumb Code     0  startup_mk64f12.o(.text)
    LPTimer_IRQHandler                       0x000004e9   Thumb Code     0  startup_mk64f12.o(.text)
    LVD_LVW_IRQHandler                       0x000004e9   Thumb Code     0  startup_mk64f12.o(.text)
    MCG_IRQHandler                           0x000004e9   Thumb Code     0  startup_mk64f12.o(.text)
    MCM_IRQHandler                           0x000004e9   Thumb Code     0  startup_mk64f12.o(.text)
    PDB0_IRQHandler                          0x000004e9   Thumb Code     0  startup_mk64f12.o(.text)
    PIT0_IRQHandler                          0x000004e9   Thumb Code     0  startup_mk64f12.o(.text)
    PIT1_IRQHandler                          0x000004e9   Thumb Code     0  startup_mk64f12.o(.text)
    PIT2_IRQHandler                          0x000004e9   Thumb Code     0  startup_mk64f12.o(.text)
    PIT3_IRQHandler                          0x000004e9   Thumb Code     0  startup_mk64f12.o(.text)
    PORTA_IRQHandler                         0x000004e9   Thumb Code     0  startup_mk64f12.o(.text)
    PORTB_IRQHandler                         0x000004e9   Thumb Code     0  startup_mk64f12.o(.text)
    PORTC_IRQHandler                         0x000004e9   Thumb Code     0  startup_mk64f12.o(.text)
    PORTD_IRQHandler                         0x000004e9   Thumb Code     0  startup_mk64f12.o(.text)
    PORTE_IRQHandler                         0x000004e9   Thumb Code     0  startup_mk64f12.o(.text)
    RNG_IRQHandler                           0x000004e9   Thumb Code     0  startup_mk64f12.o(.text)
    RTC_IRQHandler                           0x000004e9   Thumb Code     0  startup_mk64f12.o(.text)
    RTC_Seconds_IRQHandler                   0x000004e9   Thumb Code     0  startup_mk64f12.o(.text)
    Read_Collision_IRQHandler                0x000004e9   Thumb Code     0  startup_mk64f12.o(.text)
    Reserved71_IRQHandler                    0x000004e9   Thumb Code     0  startup_mk64f12.o(.text)
    SDHC_IRQHandler                          0x000004e9   Thumb Code     0  startup_mk64f12.o(.text)
    SPI0_IRQHandler                          0x000004e9   Thumb Code     0  startup_mk64f12.o(.text)
    SPI1_IRQHandler                          0x000004e9   Thumb Code     0  startup_mk64f12.o(.text)
    SPI2_IRQHandler                          0x000004e9   Thumb Code     0  startup_mk64f12.o(.text)
    SWI_IRQHandler                           0x000004e9   Thumb Code     0  startup_mk64f12.o(.text)
    UART0_ERR_IRQHandler                     0x000004e9   Thumb Code     0  startup_mk64f12.o(.text)
    UART0_LON_IRQHandler                     0x000004e9   Thumb Code     0  startup_mk64f12.o(.text)
    UART0_RX_TX_IRQHandler                   0x000004e9   Thumb Code     0  startup_mk64f12.o(.text)
    UART1_ERR_IRQHandler                     0x000004e9   Thumb Code     0  startup_mk64f12.o(.text)
    UART1_RX_TX_IRQHandler                   0x000004e9   Thumb Code     0  startup_mk64f12.o(.text)
    UART2_ERR_IRQHandler                     0x000004e9   Thumb Code     0  startup_mk64f12.o(.text)
    UART2_RX_TX_IRQHandler                   0x000004e9   Thumb Code     0  startup_mk64f12.o(.text)
    UART3_ERR_IRQHandler                     0x000004e9   Thumb Code     0  startup_mk64f12.o(.text)
    UART3_RX_TX_IRQHandler                   0x000004e9   Thumb Code     0  startup_mk64f12.o(.text)
    UART4_ERR_IRQHandler                     0x000004e9   Thumb Code     0  startup_mk64f12.o(.text)
    UART4_RX_TX_IRQHandler                   0x000004e9   Thumb Code     0  startup_mk64f12.o(.text)
    UART5_ERR_IRQHandler                     0x000004e9   Thumb Code     0  startup_mk64f12.o(.text)
    UART5_RX_TX_IRQHandler                   0x000004e9   Thumb Code     0  startup_mk64f12.o(.text)
    USB0_IRQHandler                          0x000004e9   Thumb Code     0  startup_mk64f12.o(.text)
    USBDCD_IRQHandler                        0x000004e9   Thumb Code     0  startup_mk64f12.o(.text)
    Watchdog_IRQHandler                      0x000004e9   Thumb Code     0  startup_mk64f12.o(.text)
    __user_initial_stackheap                 0x000004ed   Thumb Code     0  startup_mk64f12.o(.text)
    __2sprintf                               0x00000511   Thumb Code    34  noretval__2sprintf.o(.text)
    __printf                                 0x00000539   Thumb Code   104  __printf.o(.text)
    __use_two_region_memory                  0x000005a1   Thumb Code     2  heapauxi.o(.text)
    __rt_heap_escrow$2region                 0x000005a3   Thumb Code     2  heapauxi.o(.text)
    __rt_heap_expand$2region                 0x000005a5   Thumb Code     2  heapauxi.o(.text)
    __lib_sel_fp_printf                      0x000005a7   Thumb Code     2  _printf_fp_dec.o(.text)
    _printf_fp_dec_real                      0x00000759   Thumb Code   620  _printf_fp_dec.o(.text)
    _printf_char_common                      0x000009cf   Thumb Code    32  _printf_char_common.o(.text)
    _sputc                                   0x000009f5   Thumb Code    10  _sputc.o(.text)
    __rt_locale                              0x00000a01   Thumb Code     8  rt_locale_intlibspace.o(.text)
    _ll_udiv10                               0x00000a09   Thumb Code   138  lludiv10.o(.text)
    _printf_fp_infnan                        0x00000a95   Thumb Code   112  _printf_fp_infnan.o(.text)
    _btod_etento                             0x00000b15   Thumb Code   224  bigflt0.o(.text)
    __user_libspace                          0x00000bf9   Thumb Code     8  libspace.o(.text)
    __user_perproc_libspace                  0x00000bf9   Thumb Code     0  libspace.o(.text)
    __user_perthread_libspace                0x00000bf9   Thumb Code     0  libspace.o(.text)
    __user_setup_stackheap                   0x00000c01   Thumb Code    74  sys_stackheap_outer.o(.text)
    exit                                     0x00000c4b   Thumb Code    18  exit.o(.text)
    strcmp                                   0x00000c5d   Thumb Code   128  strcmpv7m.o(.text)
    _sys_exit                                0x00000cdd   Thumb Code     8  sys_exit.o(.text)
    __I$use$semihosting                      0x00000ce9   Thumb Code     0  use_no_semi.o(.text)
    __use_no_semihosting_swi                 0x00000ce9   Thumb Code     2  use_no_semi.o(.text)
    __semihosting_library_function           0x00000ceb   Thumb Code     0  indicate_semi.o(.text)
    _btod_d2e                                0x00000ceb   Thumb Code    62  btod.o(CL$$btod_d2e)
    _d2e_denorm_low                          0x00000d29   Thumb Code    70  btod.o(CL$$btod_d2e_denorm_low)
    _d2e_norm_op1                            0x00000d6f   Thumb Code    96  btod.o(CL$$btod_d2e_norm_op1)
    __btod_div_common                        0x00000dcf   Thumb Code   696  btod.o(CL$$btod_div_common)
    _e2e                                     0x00001107   Thumb Code   220  btod.o(CL$$btod_e2e)
    _btod_ediv                               0x000011e3   Thumb Code    42  btod.o(CL$$btod_ediv)
    _btod_emul                               0x0000120d   Thumb Code    42  btod.o(CL$$btod_emul)
    __btod_mult_common                       0x00001237   Thumb Code   580  btod.o(CL$$btod_mult_common)
    ADC1_INIT                                0x0000147d   Thumb Code   164  main.o(i.ADC1_INIT)
    ADC1_IRQHandler                          0x0000152d   Thumb Code    10  main.o(i.ADC1_IRQHandler)
    DAC0_INIT                                0x00001541   Thumb Code    30  main.o(i.DAC0_INIT)
    PDB_INIT                                 0x00001569   Thumb Code    36  main.o(i.PDB_INIT)
    SystemInit                               0x00001595   Thumb Code   136  system_mk64f12.o(i.SystemInit)
    __ARM_fpclassify                         0x00001635   Thumb Code    48  fpclassify.o(i.__ARM_fpclassify)
    main                                     0x00001665   Thumb Code   142  main.o(i.main)
    uart_init                                0x00001731   Thumb Code   122  uart.o(i.uart_init)
    uart_put                                 0x000017b9   Thumb Code    22  uart.o(i.uart_put)
    uart_putchar                             0x000017d1   Thumb Code    20  uart.o(i.uart_putchar)
    _get_lc_numeric                          0x000017e9   Thumb Code    44  lc_numeric_c.o(locale$$code)
    __aeabi_dadd                             0x00001815   Thumb Code     0  daddsub_clz.o(x$fpl$dadd)
    _dadd                                    0x00001815   Thumb Code   332  daddsub_clz.o(x$fpl$dadd)
    __aeabi_ddiv                             0x00001965   Thumb Code     0  ddiv.o(x$fpl$ddiv)
    _ddiv                                    0x00001965   Thumb Code   552  ddiv.o(x$fpl$ddiv)
    __aeabi_i2d                              0x00001c15   Thumb Code     0  dflt_clz.o(x$fpl$dflt)
    _dflt                                    0x00001c15   Thumb Code    46  dflt_clz.o(x$fpl$dflt)
    __aeabi_dmul                             0x00001c45   Thumb Code     0  dmul.o(x$fpl$dmul)
    _dmul                                    0x00001c45   Thumb Code   332  dmul.o(x$fpl$dmul)
    __fpl_dnaninf                            0x00001d99   Thumb Code   156  dnaninf.o(x$fpl$dnaninf)
    __fpl_dretinf                            0x00001e35   Thumb Code    12  dretinf.o(x$fpl$dretinf)
    __aeabi_dsub                             0x00001e41   Thumb Code     0  daddsub_clz.o(x$fpl$dsub)
    _dsub                                    0x00001e41   Thumb Code   464  daddsub_clz.o(x$fpl$dsub)
    _fp_init                                 0x00002015   Thumb Code    10  fpinit.o(x$fpl$fpinit)
    __fplib_config_fpu_vfp                   0x0000201d   Thumb Code     0  fpinit.o(x$fpl$fpinit)
    __fplib_config_pureend_doubles           0x0000201d   Thumb Code     0  fpinit.o(x$fpl$fpinit)
    _printf_fp_dec                           0x0000201f   Thumb Code     4  printf1.o(x$fpl$printf1)
    __I$use$fp                               0x00002022   Number         0  usenofp.o(x$fpl$usenofp)
    Region$$Table$$Base                      0x000020b8   Number         0  anon$$obj.o(Region$$Table)
    Region$$Table$$Limit                     0x000020d8   Number         0  anon$$obj.o(Region$$Table)
    ADC1VAL                                  0x20000000   Data           2  main.o(.data)
    __libspace_start                         0x20000004   Data          96  libspace.o(.bss)
    __temporary_stack_top$libspace           0x20000064   Data           0  libspace.o(.bss)



==============================================================================

Memory Map of the image

  Image Entry point : 0x00000411

  Load Region LR_IROM1 (Base: 0x00000000, Size: 0x000020f8, Max: 0x00100000, ABSOLUTE)

    Execution Region ER_IROM1 (Exec base: 0x00000000, Load base: 0x00000000, Size: 0x000020f4, Max: 0x00100000, ABSOLUTE)

    Exec Addr    Load Addr    Size         Type   Attr      Idx    E Section Name        Object

    0x00000000   0x00000000   0x00000400   Data   RO          136    RESET               startup_mk64f12.o
    0x00000400   0x00000400   0x00000010   Code   RO          137    .ARM.__at_0x400     startup_mk64f12.o
    0x00000410   0x00000410   0x00000008   Code   RO          212  * !!!main             c_w.l(__main.o)
    0x00000418   0x00000418   0x00000034   Code   RO          446    !!!scatter          c_w.l(__scatter.o)
    0x0000044c   0x0000044c   0x0000001a   Code   RO          448    !!handler_copy      c_w.l(__scatter_copy.o)
    0x00000466   0x00000466   0x00000002   PAD
    0x00000468   0x00000468   0x0000001c   Code   RO          450    !!handler_zi        c_w.l(__scatter_zi.o)
    0x00000484   0x00000484   0x00000000   Code   RO          209    .ARM.Collect$$_printf_percent$$00000000  c_w.l(_printf_percent.o)
    0x00000484   0x00000484   0x00000006   Code   RO          208    .ARM.Collect$$_printf_percent$$00000003  c_w.l(_printf_f.o)
    0x0000048a   0x0000048a   0x00000004   Code   RO          241    .ARM.Collect$$_printf_percent$$00000017  c_w.l(_printf_percent_end.o)
    0x0000048e   0x0000048e   0x00000002   Code   RO          319    .ARM.Collect$$libinit$$00000000  c_w.l(libinit.o)
    0x00000490   0x00000490   0x00000004   Code   RO          320    .ARM.Collect$$libinit$$00000001  c_w.l(libinit2.o)
    0x00000494   0x00000494   0x00000000   Code   RO          323    .ARM.Collect$$libinit$$00000004  c_w.l(libinit2.o)
    0x00000494   0x00000494   0x00000000   Code   RO          326    .ARM.Collect$$libinit$$0000000A  c_w.l(libinit2.o)
    0x00000494   0x00000494   0x00000000   Code   RO          328    .ARM.Collect$$libinit$$0000000C  c_w.l(libinit2.o)
    0x00000494   0x00000494   0x00000000   Code   RO          330    .ARM.Collect$$libinit$$0000000E  c_w.l(libinit2.o)
    0x00000494   0x00000494   0x00000006   Code   RO          331    .ARM.Collect$$libinit$$0000000F  c_w.l(libinit2.o)
    0x0000049a   0x0000049a   0x00000000   Code   RO          333    .ARM.Collect$$libinit$$00000011  c_w.l(libinit2.o)
    0x0000049a   0x0000049a   0x00000000   Code   RO          335    .ARM.Collect$$libinit$$00000013  c_w.l(libinit2.o)
    0x0000049a   0x0000049a   0x00000000   Code   RO          337    .ARM.Collect$$libinit$$00000015  c_w.l(libinit2.o)
    0x0000049a   0x0000049a   0x0000000a   Code   RO          338    .ARM.Collect$$libinit$$00000016  c_w.l(libinit2.o)
    0x000004a4   0x000004a4   0x00000000   Code   RO          339    .ARM.Collect$$libinit$$00000017  c_w.l(libinit2.o)
    0x000004a4   0x000004a4   0x00000000   Code   RO          341    .ARM.Collect$$libinit$$00000019  c_w.l(libinit2.o)
    0x000004a4   0x000004a4   0x00000000   Code   RO          343    .ARM.Collect$$libinit$$0000001B  c_w.l(libinit2.o)
    0x000004a4   0x000004a4   0x00000000   Code   RO          345    .ARM.Collect$$libinit$$0000001D  c_w.l(libinit2.o)
    0x000004a4   0x000004a4   0x00000000   Code   RO          347    .ARM.Collect$$libinit$$0000001F  c_w.l(libinit2.o)
    0x000004a4   0x000004a4   0x00000000   Code   RO          349    .ARM.Collect$$libinit$$00000021  c_w.l(libinit2.o)
    0x000004a4   0x000004a4   0x00000000   Code   RO          351    .ARM.Collect$$libinit$$00000023  c_w.l(libinit2.o)
    0x000004a4   0x000004a4   0x00000000   Code   RO          353    .ARM.Collect$$libinit$$00000025  c_w.l(libinit2.o)
    0x000004a4   0x000004a4   0x00000000   Code   RO          357    .ARM.Collect$$libinit$$0000002C  c_w.l(libinit2.o)
    0x000004a4   0x000004a4   0x00000000   Code   RO          359    .ARM.Collect$$libinit$$0000002E  c_w.l(libinit2.o)
    0x000004a4   0x000004a4   0x00000000   Code   RO          361    .ARM.Collect$$libinit$$00000030  c_w.l(libinit2.o)
    0x000004a4   0x000004a4   0x00000000   Code   RO          363    .ARM.Collect$$libinit$$00000032  c_w.l(libinit2.o)
    0x000004a4   0x000004a4   0x00000002   Code   RO          364    .ARM.Collect$$libinit$$00000033  c_w.l(libinit2.o)
    0x000004a6   0x000004a6   0x00000002   Code   RO          394    .ARM.Collect$$libshutdown$$00000000  c_w.l(libshutdown.o)
    0x000004a8   0x000004a8   0x00000000   Code   RO          405    .ARM.Collect$$libshutdown$$00000002  c_w.l(libshutdown2.o)
    0x000004a8   0x000004a8   0x00000000   Code   RO          407    .ARM.Collect$$libshutdown$$00000004  c_w.l(libshutdown2.o)
    0x000004a8   0x000004a8   0x00000000   Code   RO          410    .ARM.Collect$$libshutdown$$00000007  c_w.l(libshutdown2.o)
    0x000004a8   0x000004a8   0x00000000   Code   RO          413    .ARM.Collect$$libshutdown$$0000000A  c_w.l(libshutdown2.o)
    0x000004a8   0x000004a8   0x00000000   Code   RO          415    .ARM.Collect$$libshutdown$$0000000C  c_w.l(libshutdown2.o)
    0x000004a8   0x000004a8   0x00000000   Code   RO          418    .ARM.Collect$$libshutdown$$0000000F  c_w.l(libshutdown2.o)
    0x000004a8   0x000004a8   0x00000002   Code   RO          419    .ARM.Collect$$libshutdown$$00000010  c_w.l(libshutdown2.o)
    0x000004aa   0x000004aa   0x00000000   Code   RO          234    .ARM.Collect$$rtentry$$00000000  c_w.l(__rtentry.o)
    0x000004aa   0x000004aa   0x00000000   Code   RO          248    .ARM.Collect$$rtentry$$00000002  c_w.l(__rtentry2.o)
    0x000004aa   0x000004aa   0x00000006   Code   RO          260    .ARM.Collect$$rtentry$$00000004  c_w.l(__rtentry4.o)
    0x000004b0   0x000004b0   0x00000000   Code   RO          250    .ARM.Collect$$rtentry$$00000009  c_w.l(__rtentry2.o)
    0x000004b0   0x000004b0   0x00000004   Code   RO          251    .ARM.Collect$$rtentry$$0000000A  c_w.l(__rtentry2.o)
    0x000004b4   0x000004b4   0x00000000   Code   RO          253    .ARM.Collect$$rtentry$$0000000C  c_w.l(__rtentry2.o)
    0x000004b4   0x000004b4   0x00000008   Code   RO          254    .ARM.Collect$$rtentry$$0000000D  c_w.l(__rtentry2.o)
    0x000004bc   0x000004bc   0x00000002   Code   RO          365    .ARM.Collect$$rtexit$$00000000  c_w.l(rtexit.o)
    0x000004be   0x000004be   0x00000000   Code   RO          372    .ARM.Collect$$rtexit$$00000002  c_w.l(rtexit2.o)
    0x000004be   0x000004be   0x00000004   Code   RO          373    .ARM.Collect$$rtexit$$00000003  c_w.l(rtexit2.o)
    0x000004c2   0x000004c2   0x00000006   Code   RO          374    .ARM.Collect$$rtexit$$00000004  c_w.l(rtexit2.o)
    0x000004c8   0x000004c8   0x00000048   Code   RO          138    .text               startup_mk64f12.o
    0x00000510   0x00000510   0x00000028   Code   RO          184    .text               c_w.l(noretval__2sprintf.o)
    0x00000538   0x00000538   0x00000068   Code   RO          186    .text               c_w.l(__printf.o)
    0x000005a0   0x000005a0   0x00000006   Code   RO          210    .text               c_w.l(heapauxi.o)
    0x000005a6   0x000005a6   0x0000041e   Code   RO          235    .text               c_w.l(_printf_fp_dec.o)
    0x000009c4   0x000009c4   0x00000030   Code   RO          237    .text               c_w.l(_printf_char_common.o)
    0x000009f4   0x000009f4   0x0000000a   Code   RO          239    .text               c_w.l(_sputc.o)
    0x000009fe   0x000009fe   0x00000002   PAD
    0x00000a00   0x00000a00   0x00000008   Code   RO          265    .text               c_w.l(rt_locale_intlibspace.o)
    0x00000a08   0x00000a08   0x0000008a   Code   RO          267    .text               c_w.l(lludiv10.o)
    0x00000a92   0x00000a92   0x00000002   PAD
    0x00000a94   0x00000a94   0x00000080   Code   RO          269    .text               c_w.l(_printf_fp_infnan.o)
    0x00000b14   0x00000b14   0x000000e4   Code   RO          273    .text               c_w.l(bigflt0.o)
    0x00000bf8   0x00000bf8   0x00000008   Code   RO          305    .text               c_w.l(libspace.o)
    0x00000c00   0x00000c00   0x0000004a   Code   RO          308    .text               c_w.l(sys_stackheap_outer.o)
    0x00000c4a   0x00000c4a   0x00000012   Code   RO          310    .text               c_w.l(exit.o)
    0x00000c5c   0x00000c5c   0x00000080   Code   RO          312    .text               c_w.l(strcmpv7m.o)
    0x00000cdc   0x00000cdc   0x0000000c   Code   RO          384    .text               c_w.l(sys_exit.o)
    0x00000ce8   0x00000ce8   0x00000002   Code   RO          395    .text               c_w.l(use_no_semi.o)
    0x00000cea   0x00000cea   0x00000000   Code   RO          397    .text               c_w.l(indicate_semi.o)
    0x00000cea   0x00000cea   0x0000003e   Code   RO          276    CL$$btod_d2e        c_w.l(btod.o)
    0x00000d28   0x00000d28   0x00000046   Code   RO          278    CL$$btod_d2e_denorm_low  c_w.l(btod.o)
    0x00000d6e   0x00000d6e   0x00000060   Code   RO          277    CL$$btod_d2e_norm_op1  c_w.l(btod.o)
    0x00000dce   0x00000dce   0x00000338   Code   RO          286    CL$$btod_div_common  c_w.l(btod.o)
    0x00001106   0x00001106   0x000000dc   Code   RO          283    CL$$btod_e2e        c_w.l(btod.o)
    0x000011e2   0x000011e2   0x0000002a   Code   RO          280    CL$$btod_ediv       c_w.l(btod.o)
    0x0000120c   0x0000120c   0x0000002a   Code   RO          279    CL$$btod_emul       c_w.l(btod.o)
    0x00001236   0x00001236   0x00000244   Code   RO          285    CL$$btod_mult_common  c_w.l(btod.o)
    0x0000147a   0x0000147a   0x00000002   PAD
    0x0000147c   0x0000147c   0x000000b0   Code   RO            4    i.ADC1_INIT         main.o
    0x0000152c   0x0000152c   0x00000014   Code   RO            5    i.ADC1_IRQHandler   main.o
    0x00001540   0x00001540   0x00000028   Code   RO            6    i.DAC0_INIT         main.o
    0x00001568   0x00001568   0x0000002c   Code   RO            7    i.PDB_INIT          main.o
    0x00001594   0x00001594   0x000000a0   Code   RO          148    i.SystemInit        system_mk64f12.o
    0x00001634   0x00001634   0x00000030   Code   RO          303    i.__ARM_fpclassify  m_wm.l(fpclassify.o)
    0x00001664   0x00001664   0x000000cc   Code   RO            8    i.main              main.o
    0x00001730   0x00001730   0x00000088   Code   RO           89    i.uart_init         uart.o
    0x000017b8   0x000017b8   0x00000016   Code   RO           90    i.uart_put          uart.o
    0x000017ce   0x000017ce   0x00000002   PAD
    0x000017d0   0x000017d0   0x00000018   Code   RO           91    i.uart_putchar      uart.o
    0x000017e8   0x000017e8   0x0000002c   Code   RO          299    locale$$code        c_w.l(lc_numeric_c.o)
    0x00001814   0x00001814   0x00000150   Code   RO          214    x$fpl$dadd          fz_wm.l(daddsub_clz.o)
    0x00001964   0x00001964   0x000002b0   Code   RO          221    x$fpl$ddiv          fz_wm.l(ddiv.o)
    0x00001c14   0x00001c14   0x0000002e   Code   RO          225    x$fpl$dflt          fz_wm.l(dflt_clz.o)
    0x00001c42   0x00001c42   0x00000002   PAD
    0x00001c44   0x00001c44   0x00000154   Code   RO          230    x$fpl$dmul          fz_wm.l(dmul.o)
    0x00001d98   0x00001d98   0x0000009c   Code   RO          242    x$fpl$dnaninf       fz_wm.l(dnaninf.o)
    0x00001e34   0x00001e34   0x0000000c   Code   RO          244    x$fpl$dretinf       fz_wm.l(dretinf.o)
    0x00001e40   0x00001e40   0x000001d4   Code   RO          216    x$fpl$dsub          fz_wm.l(daddsub_clz.o)
    0x00002014   0x00002014   0x0000000a   Code   RO          369    x$fpl$fpinit        fz_wm.l(fpinit.o)
    0x0000201e   0x0000201e   0x00000004   Code   RO          232    x$fpl$printf1       fz_wm.l(printf1.o)
    0x00002022   0x00002022   0x00000000   Code   RO          246    x$fpl$usenofp       fz_wm.l(usenofp.o)
    0x00002022   0x00002022   0x00000002   PAD
    0x00002024   0x00002024   0x00000094   Data   RO          274    .constdata          c_w.l(bigflt0.o)
    0x000020b8   0x000020b8   0x00000020   Data   RO          444    Region$$Table       anon$$obj.o
    0x000020d8   0x000020d8   0x0000001c   Data   RO          298    locale$$data        c_w.l(lc_numeric_c.o)


    Execution Region RW_IRAM1 (Exec base: 0x20000000, Load base: 0x000020f4, Size: 0x00000468, Max: 0x00030000, ABSOLUTE)

    Exec Addr    Load Addr    Size         Type   Attr      Idx    E Section Name        Object

    0x20000000   0x000020f4   0x00000002   Data   RW            9    .data               main.o
    0x20000002   0x000020f6   0x00000002   PAD
    0x20000004        -       0x00000060   Zero   RW          306    .bss                c_w.l(libspace.o)
    0x20000064   0x000020f6   0x00000004   PAD
    0x20000068        -       0x00000000   Zero   RW          135    HEAP                startup_mk64f12.o
    0x20000068        -       0x00000400   Zero   RW          134    STACK               startup_mk64f12.o


==============================================================================

Image component sizes


      Code (inc. data)   RO Data    RW Data    ZI Data      Debug   Object Name

       484        102          0          2          0     381641   main.o
        88         44       1024          0       1024       1100   startup_mk64f12.o
       160         24          0          0          0        545   system_mk64f12.o
       182         18          0          0          0       1422   uart.o

    ----------------------------------------------------------------------
       916        188       1056          4       1024     384708   Object Totals
         0          0         32          0          0          0   (incl. Generated)
         2          0          0          2          0          0   (incl. Padding)

    ----------------------------------------------------------------------

      Code (inc. data)   RO Data    RW Data    ZI Data      Debug   Library Member Name

         8          0          0          0          0         68   __main.o
       104          0          0          0          0         84   __printf.o
         0          0          0          0          0          0   __rtentry.o
        12          0          0          0          0          0   __rtentry2.o
         6          0          0          0          0          0   __rtentry4.o
        52          8          0          0          0          0   __scatter.o
        26          0          0          0          0          0   __scatter_copy.o
        28          0          0          0          0          0   __scatter_zi.o
        48          6          0          0          0         96   _printf_char_common.o
         6          0          0          0          0          0   _printf_f.o
      1054          0          0          0          0        216   _printf_fp_dec.o
       128         16          0          0          0         84   _printf_fp_infnan.o
         0          0          0          0          0          0   _printf_percent.o
         4          0          0          0          0          0   _printf_percent_end.o
        10          0          0          0          0         68   _sputc.o
       228          4        148          0          0         96   bigflt0.o
      1936        128          0          0          0        672   btod.o
        18          0          0          0          0         80   exit.o
         6          0          0          0          0        152   heapauxi.o
         0          0          0          0          0          0   indicate_semi.o
        44         10         28          0          0         76   lc_numeric_c.o
         2          0          0          0          0          0   libinit.o
        22          0          0          0          0          0   libinit2.o
         2          0          0          0          0          0   libshutdown.o
         2          0          0          0          0          0   libshutdown2.o
         8          4          0          0         96         68   libspace.o
       138          0          0          0          0         80   lludiv10.o
        40          6          0          0          0         84   noretval__2sprintf.o
         8          4          0          0          0         68   rt_locale_intlibspace.o
         2          0          0          0          0          0   rtexit.o
        10          0          0          0          0          0   rtexit2.o
       128          0          0          0          0         68   strcmpv7m.o
        12          4          0          0          0         68   sys_exit.o
        74          0          0          0          0         80   sys_stackheap_outer.o
         2          0          0          0          0         68   use_no_semi.o
       804         16          0          0          0        368   daddsub_clz.o
       688        140          0          0          0        256   ddiv.o
        46          0          0          0          0        116   dflt_clz.o
       340         12          0          0          0        152   dmul.o
       156          4          0          0          0        140   dnaninf.o
        12          0          0          0          0        116   dretinf.o
        10          0          0          0          0        116   fpinit.o
         4          0          0          0          0        116   printf1.o
         0          0          0          0          0          0   usenofp.o
        48          0          0          0          0        124   fpclassify.o

    ----------------------------------------------------------------------
      6288        362        176          0        100       3780   Library Totals
        12          0          0          0          4          0   (incl. Padding)

    ----------------------------------------------------------------------

      Code (inc. data)   RO Data    RW Data    ZI Data      Debug   Library Name

      4168        190        176          0         96       2276   c_w.l
      2060        172          0          0          0       1380   fz_wm.l
        48          0          0          0          0        124   m_wm.l

    ----------------------------------------------------------------------
      6288        362        176          0        100       3780   Library Totals

    ----------------------------------------------------------------------

==============================================================================


      Code (inc. data)   RO Data    RW Data    ZI Data      Debug   

      7204        550       1232          4       1124     385792   Grand Totals
      7204        550       1232          4       1124     385792   ELF Image Totals
      7204        550       1232          4          0          0   ROM Totals

==============================================================================

    Total RO  Size (Code + RO Data)                 8436 (   8.24kB)
    Total RW  Size (RW Data + ZI Data)              1128 (   1.10kB)
    Total ROM Size (Code + RO Data + RW Data)       8440 (   8.24kB)

==============================================================================

